ns               Testing dirac.tests.tasks.suite02.enable-parinfer
extension        reset extension state
extension        set extension options:{:target-url "http://localhost:<port>"}
extension        set extension options:{:open-as "window"}
automate         open-scenario! ["normal"]
testing          parinfer should be present by default
automate         open-devtools!
extension        handling command: open-dirac-devtools
extension        register devtools #1
devtools #1      implant initialized
devtools #1      setCurrentPanel: elements
devtools #1      devtools ready
automate #1      switch-to-console-panel!
devtools #1      setCurrentPanel: console
devtools #1      console initialized
devtools #1      adopt-prompt-element use-parinfer? true
devtools #1      setDiracPromptMode('status')
devtools #1      ConsoleView constructed
devtools #1      displayWelcomeMessage
automate #1      close-devtools!
extension        handling command: close-dirac-devtools
extension        unregister devtools #1
∎
testing          parinfer should not be present when disabled in options
automate         store-options!
automate         set-options! [{:enable-parinfer false}]
extension        set extension options:{:enable-parinfer false}
automate         open-devtools!
extension        handling command: open-dirac-devtools
extension        register devtools #2
devtools #2      implant initialized
devtools #2      setCurrentPanel: elements
devtools #2      devtools ready
automate #2      switch-to-console-panel!
devtools #2      setCurrentPanel: console
devtools #2      console initialized
devtools #2      adopt-prompt-element use-parinfer? false
devtools #2      setDiracPromptMode('status')
devtools #2      ConsoleView constructed
devtools #2      displayWelcomeMessage
automate #2      close-devtools!
extension        handling command: close-dirac-devtools
extension        unregister devtools #2
automate         restore-options!
extension        reset extension options:{:enable-clustered-locals true, :inline-custom-formatters true, :enable-parinfer true, :beautify-function-names true, :enable-friendly-locals true, :user-frontend-url-params nil, :clean-urls true, :enable-repl true, :welcome-message true, :open-as "window", :target-url "http://localhost:<port>", :link-actions true}
∎
automate         close-scenario! ["scenario-tab#1"]
summary          Automated 11 actions with 2 check-points containing 0 assertions.
                 0 failures, 0 errors.
