ns               Testing dirac.tests.tasks.suite01.console
extension        reset extension state
extension        set extension options:{:target-url "http://localhost:<port>"}
extension        set extension options:{:open-as "window"}
automate         open-scenario! ["normal"]
automate         open-devtools!
extension        handling command: open-dirac-devtools
extension        register devtools #1
devtools #1      implant initialized
devtools #1      setCurrentPanel: elements
devtools #1      devtools ready
automate #1      switch-to-console-panel!
devtools #1      setCurrentPanel: console
devtools #1      console initialized
devtools #1      adopt-prompt-element use-parinfer? true
devtools #1      setDiracPromptMode('status')
devtools #1      ConsoleView constructed
devtools #1      displayWelcomeMessage
automate #1      enable-console-feedback!
testing          keyboard shortcuts for switching between prompts
automate #1      simulate-console-action! ["CTRL+."]
devtools #1      switched console prompt to 'dirac'
devtools #1      init-repl!
devtools #1      setDiracPromptStatusContent('Checking for Dirac Runtime presence in your app...')
devtools #1      setDiracPromptStatusStyle('info')
devtools #1      setDiracPromptStatusContent('Dirac Agent connected. Bootstrapping ClojureScript REPL...')
devtools #1      setDiracPromptNS('cljs.user')
devtools #1      setDiracPromptMode('edit')
automate #1      simulate-console-action! ["CTRL+."]
devtools #1      switched console prompt to 'js'
automate #1      simulate-console-action! ["CTRL+."]
devtools #1      switched console prompt to 'dirac'
devtools #1      init-repl!
automate #1      simulate-console-action! ["CTRL+,"]
devtools #1      switched console prompt to 'js'
automate #1      simulate-console-action! ["CTRL+."]
devtools #1      switched console prompt to 'dirac'
devtools #1      init-repl!
automate #1      simulate-console-action! ["CTRL+."]
devtools #1      switched console prompt to 'js'
automate #1      simulate-console-action! ["CTRL+,"]
devtools #1      switched console prompt to 'dirac'
devtools #1      init-repl!
∎
testing          prompt input simulation and feedback
automate #1      simulate-console-input! ["hello!"]
automate #1      print-prompt!
stdout           hello!
automate #1      clear-console-prompt!
automate #1      get-prompt-representation
∎
automate #1      close-devtools!
extension        handling command: close-dirac-devtools
extension        unregister devtools #1
automate         close-scenario! ["scenario-tab#1"]
summary          Automated 17 actions with 7 check-points containing 2 assertions.
                 0 failures, 0 errors.
