ns               Testing dirac.tests.tasks.suite01.options
extension        reset extension state
extension        set extension options:{:target-url "http://localhost:<port>"}
extension        set extension options:{:open-as "window"}
automate         open-scenario! ["normal"]
testing          user-specified url params should get propagated to DevTools frontends
automate         store-options!
automate         set-options! [{:user-frontend-url-params "x=1&y=2"}]
extension        set extension options:{:user-frontend-url-params "x=1&y=2"}
automate         open-devtools!
extension        handling command: open-dirac-devtools
extension        register devtools #1
devtools #1      implant initialized
devtools #1      setCurrentPanel: elements
devtools #1      devtools ready
devtools #1      namespacesCache is cool now
automate #1      get-frontend-url-params
automate #1      close-devtools!
extension        handling command: close-dirac-devtools
extension        unregister devtools #1
automate         restore-options!
extension        reset extension options:{:enable-clustered-locals true, :inline-custom-formatters true, :enable-parinfer true, :beautify-function-names true, :enable-friendly-locals true, :user-frontend-url-params nil, :clean-urls true, :enable-repl true, :welcome-message true, :open-as "window", :target-url "http://localhost:<port>", :link-actions true}
∎
testing          use baked-in api and css
automate         open-devtools!
extension        handling command: open-dirac-devtools
extension        register devtools #2
devtools #2      implant initialized
devtools #2      setCurrentPanel: elements
devtools #2      devtools ready
devtools #2      namespacesCache is cool now
automate #2      switch-to-console-panel!
devtools #2      setCurrentPanel: console
devtools #2      console initialized
devtools #2      adopt-prompt-element use-parinfer? true
devtools #2      setDiracPromptMode('status')
devtools #2      ConsoleView constructed
devtools #2      displayWelcomeMessage
automate #2      trigger-internal-error-as-error-log!
devtools #2      <elided dirac version info line>
                 An error was logged into the internal DevTools console:
                   | a fake error log 1 2 3
                 ---
                 To inspect the problem in internal DevTools => https://goo.gl/0FkZ1o
                 Consider reporting the issue here: https://github.com/binaryage/dirac/issues
automate #2      scrape [:find-logs "a fake error log"]
automate #2      scrape [:find-logs-in-groups "a fake error log"]
automate #2      close-devtools!
extension        handling command: close-dirac-devtools
extension        unregister devtools #2
∎
automate         close-scenario! ["scenario-tab#1"]
summary          Automated 14 actions with 0 check-points containing 6 assertions.
                 0 failures, 0 errors.
